User@DESKTOP-M01CN9D MINGW64 ~ (master)
$ mkdir bsu-internship

User@DESKTOP-M01CN9D MINGW64 ~ (master)
$ cd bsu-internship

User@DESKTOP-M01CN9D MINGW64 ~/bsu-internship (master)
$ git init
Initialized empty Git repository in C:/Users/User/bsu-internship/.git/

User@DESKTOP-M01CN9D MINGW64 ~/bsu-internship (master)
$ ls -a
./  ../  .git/

User@DESKTOP-M01CN9D MINGW64 ~/bsu-internship (master)
$ mkdir task1

User@DESKTOP-M01CN9D MINGW64 ~/bsu-internship (master)
$ touch .gitignore

User@DESKTOP-M01CN9D MINGW64 ~/bsu-internship (master)
$ git status
On branch master

No commits yet

Untracked files:
  (use "git add <file>..." to include in what will be committed)
        .gitignore

nothing added to commit but untracked files present (use "git add" to track)

User@DESKTOP-M01CN9D MINGW64 ~/bsu-internship (master)
$ git add .gitignore

User@DESKTOP-M01CN9D MINGW64 ~/bsu-internship (master)
$ git status
On branch master

No commits yet

Changes to be committed:
  (use "git rm --cached <file>..." to unstage)
        new file:   .gitignore


User@DESKTOP-M01CN9D MINGW64 ~/bsu-internship (master)
$ touch README.md

User@DESKTOP-M01CN9D MINGW64 ~/bsu-internship (master)
$ git add README.md

User@DESKTOP-M01CN9D MINGW64 ~/bsu-internship (master)
$ git status
On branch master

No commits yet

Changes to be committed:
  (use "git rm --cached <file>..." to unstage)
        new file:   .gitignore
        new file:   README.md


User@DESKTOP-M01CN9D MINGW64 ~/bsu-internship (master)
$ code .gitignore

User@DESKTOP-M01CN9D MINGW64 ~/bsu-internship (master)
$ git status
On branch master

No commits yet

Changes to be committed:
  (use "git rm --cached <file>..." to unstage)
        new file:   .gitignore
        new file:   README.md

Changes not staged for commit:
  (use "git add <file>..." to update what will be committed)
  (use "git restore <file>..." to discard changes in working directory)
        modified:   .gitignore


User@DESKTOP-M01CN9D MINGW64 ~/bsu-internship (master)
$ git add .

User@DESKTOP-M01CN9D MINGW64 ~/bsu-internship (master)
$ git status
On branch master

No commits yet

Changes to be committed:
  (use "git rm --cached <file>..." to unstage)
        new file:   .gitignore
        new file:   README.md


User@DESKTOP-M01CN9D MINGW64 ~/bsu-internship (master)
$ git commit -m "Add .gitignore and README.md"
[master (root-commit) e515e23] Add .gitignore and README.md
 2 files changed, 2 insertions(+)
 create mode 100644 .gitignore
 create mode 100644 README.md

User@DESKTOP-M01CN9D MINGW64 ~/bsu-internship (master)
$ git remote add origin https://github.com/asketonim/bsu-internship.git

User@DESKTOP-M01CN9D MINGW64 ~/bsu-internship (master)
$ git push origin master
Enumerating objects: 4, done.
Counting objects: 100% (4/4), done.
Delta compression using up to 8 threads
Compressing objects: 100% (2/2), done.
Writing objects: 100% (4/4), 300 bytes | 75.00 KiB/s, done.
Total 4 (delta 0), reused 0 (delta 0)
To https://github.com/asketonim/bsu-internship.git
 * [new branch]      master -> master

User@DESKTOP-M01CN9D MINGW64 ~/bsu-internship (master)
$ cd task1

User@DESKTOP-M01CN9D MINGW64 ~/bsu-internship/task1 (master)
$ touch workflow.txt

User@DESKTOP-M01CN9D MINGW64 ~/bsu-internship/task1 (master)
$ code workflow.txt
